-- tests.input_frame_test (17 Faelle)
-- tests.ruleset_test (30 Faelle)
-- tests.rules_test (19 Faelle)
-- tests.bindings_test (12 Faelle)
-- tests.replay_test (12 Faelle)
-- tests.snapshot_test (17 Faelle)
-- tests.input_queue_test (13 Faelle)
-- tests.lobby_test (19 Faelle)
-- tests.menu_test (9 Faelle)
-- tests.prediction_test (12 Faelle)
-- tests.snapshot_events_test (16 Faelle)
-- tests.checksum_test (7 Faelle)
-- tests.tournament_json_test (14 Faelle)
-- tests.tournament_bracket_test (36 Faelle)
-- tests.tournament_model_test (35 Faelle)
-- tests.tournament_scheduler_test (28 Faelle)
-- tests.tournament_host_choice_test (11 Faelle)
-- tests.tournament_match_stats_test (7 Faelle)
-- tests.tournament_persistence_test (16 Faelle)
-- tests.tournament_run_test (13 Faelle)
-- tests.tournament_session_test (31 Faelle)
-- tests.tournament_lobby_test (30 Faelle)
-- tests.protocol_test (41 Faelle)
445 bestanden, 0 gescheitert
